{
  "conversationIdentifier": "Mario-azerty",
  "version": 0,
  "firstMessage": {
    "from": "Mario",
    "content": "Hi Peach how are you ?",
    "postedAt": "2021-10-02T00:00:00+02:00[Europe/Paris]"
  },
  "participantsIdentifier": [
    "Mario",
    "Peach"
  ]
}