{
  "owner": "Mario",
  "createdAt": "2021-10-01T00:00:00+02:00[Europe/Paris]",
  "version": 0,
  "contacts": [
    {
      "contactIdentifier": "DamDamDeo",
      "addedAt": "2021-10-01T00:00:00+02:00[Europe/Paris]"
    }
  ]
}