{
  "$schema": "http://json-schema.org/draft-07/schema",
  "$id": "http://example.com/example.json",
  "type": "array",
  "title": "The root schema",
  "description": "The root schema comprises the entire JSON document.",
  "default": [],
  "examples": [
    [
      {
        "conversationIdentifier": "Peach-azerty",
        "participantsIdentifier": [
          "Mario",
          "Peach"
        ],
        "events": [
          {
            "conversationEventType": "STARTED",
            "eventFrom": "Peach",
            "eventAt": "2021-10-01T00:00:00+02:00",
            "content": "Hi Mario How are you ?",
            "participantsIdentifier": [
              "Mario",
              "Peach"
            ]
          },
          {
            "conversationEventType": "MESSAGE_POSTED",
            "eventFrom": "Mario",
            "eventAt": "2021-10-02T00:00:00+02:00",
            "content": "I am fine thanks",
            "participantsIdentifier": []
          }
        ],
        "version": 1
      }
    ]
  ],
  "additionalItems": true,
  "items": {
    "$id": "#/items",
    "anyOf": [
      {
        "$id": "#/items/anyOf/0",
        "type": "object",
        "title": "The first anyOf schema",
        "description": "An explanation about the purpose of this instance.",
        "default": {},
        "examples": [
          {
            "conversationIdentifier": "Peach-azerty",
            "participantsIdentifier": [
              "Mario",
              "Peach"
            ],
            "events": [
              {
                "conversationEventType": "STARTED",
                "eventFrom": "Peach",
                "eventAt": "2021-10-01T00:00:00+02:00",
                "content": "Hi Mario How are you ?",
                "participantsIdentifier": [
                  "Mario",
                  "Peach"
                ]
              },
              {
                "conversationEventType": "MESSAGE_POSTED",
                "eventFrom": "Mario",
                "eventAt": "2021-10-02T00:00:00+02:00",
                "content": "I am fine thanks",
                "participantsIdentifier": []
              }
            ],
            "version": 1
          }
        ],
        "required": [
          "conversationIdentifier",
          "participantsIdentifier",
          "events",
          "version"
        ],
        "properties": {
          "conversationIdentifier": {
            "$id": "#/items/anyOf/0/properties/conversationIdentifier",
            "type": "string",
            "title": "The conversationIdentifier schema",
            "description": "An explanation about the purpose of this instance.",
            "default": "",
            "examples": [
              "Peach-azerty"
            ]
          },
          "participantsIdentifier": {
            "$id": "#/items/anyOf/0/properties/participantsIdentifier",
            "type": "array",
            "title": "The participantsIdentifier schema",
            "description": "An explanation about the purpose of this instance.",
            "default": [],
            "examples": [
              [
                "Mario",
                "Peach"
              ]
            ],
            "additionalItems": true,
            "items": {
              "$id": "#/items/anyOf/0/properties/participantsIdentifier/items",
              "anyOf": [
                {
                  "$id": "#/items/anyOf/0/properties/participantsIdentifier/items/anyOf/0",
                  "type": "string",
                  "title": "The first anyOf schema",
                  "description": "An explanation about the purpose of this instance.",
                  "default": "",
                  "examples": [
                    "Mario",
                    "Peach"
                  ]
                }
              ]
            }
          },
          "events": {
            "$id": "#/items/anyOf/0/properties/events",
            "type": "array",
            "title": "The events schema",
            "description": "An explanation about the purpose of this instance.",
            "default": [],
            "examples": [
              [
                {
                  "conversationEventType": "STARTED",
                  "eventFrom": "Peach",
                  "eventAt": "2021-10-01T00:00:00+02:00",
                  "content": "Hi Mario How are you ?",
                  "participantsIdentifier": [
                    "Mario",
                    "Peach"
                  ]
                },
                {
                  "conversationEventType": "MESSAGE_POSTED",
                  "eventFrom": "Mario",
                  "eventAt": "2021-10-02T00:00:00+02:00",
                  "content": "I am fine thanks",
                  "participantsIdentifier": []
                }
              ]
            ],
            "additionalItems": true,
            "items": {
              "$id": "#/items/anyOf/0/properties/events/items",
              "anyOf": [
                {
                  "$id": "#/items/anyOf/0/properties/events/items/anyOf/0",
                  "type": "object",
                  "title": "The first anyOf schema",
                  "description": "An explanation about the purpose of this instance.",
                  "default": {},
                  "examples": [
                    {
                      "conversationEventType": "STARTED",
                      "eventFrom": "Peach",
                      "eventAt": "2021-10-01T00:00:00+02:00",
                      "content": "Hi Mario How are you ?",
                      "participantsIdentifier": [
                        "Mario",
                        "Peach"
                      ]
                    }
                  ],
                  "required": [
                    "conversationEventType",
                    "eventFrom",
                    "eventAt",
                    "content",
                    "participantsIdentifier"
                  ],
                  "properties": {
                    "conversationEventType": {
                      "$id": "#/items/anyOf/0/properties/events/items/anyOf/0/properties/conversationEventType",
                      "type": "string",
                      "title": "The conversationEventType schema",
                      "description": "An explanation about the purpose of this instance.",
                      "default": "",
                      "examples": [
                        "STARTED"
                      ]
                    },
                    "eventFrom": {
                      "$id": "#/items/anyOf/0/properties/events/items/anyOf/0/properties/eventFrom",
                      "type": "string",
                      "title": "The eventFrom schema",
                      "description": "An explanation about the purpose of this instance.",
                      "default": "",
                      "examples": [
                        "Peach"
                      ]
                    },
                    "eventAt": {
                      "$id": "#/items/anyOf/0/properties/events/items/anyOf/0/properties/eventAt",
                      "type": "string",
                      "title": "The eventAt schema",
                      "description": "An explanation about the purpose of this instance.",
                      "default": "",
                      "examples": [
                        "2021-10-01T00:00:00+02:00"
                      ]
                    },
                    "content": {
                      "$id": "#/items/anyOf/0/properties/events/items/anyOf/0/properties/content",
                      "type": "string",
                      "title": "The content schema",
                      "description": "An explanation about the purpose of this instance.",
                      "default": "",
                      "examples": [
                        "Hi Mario How are you ?"
                      ]
                    },
                    "participantsIdentifier": {
                      "$id": "#/items/anyOf/0/properties/events/items/anyOf/0/properties/participantsIdentifier",
                      "type": "array",
                      "title": "The participantsIdentifier schema",
                      "description": "An explanation about the purpose of this instance.",
                      "default": [],
                      "examples": [
                        [
                          "Mario",
                          "Peach"
                        ]
                      ],
                      "additionalItems": true,
                      "items": {
                        "$id": "#/items/anyOf/0/properties/events/items/anyOf/0/properties/participantsIdentifier/items",
                        "anyOf": [
                          {
                            "$id": "#/items/anyOf/0/properties/events/items/anyOf/0/properties/participantsIdentifier/items/anyOf/0",
                            "type": "string",
                            "title": "The first anyOf schema",
                            "description": "An explanation about the purpose of this instance.",
                            "default": "",
                            "examples": [
                              "Mario",
                              "Peach"
                            ]
                          }
                        ]
                      }
                    }
                  },
                  "additionalProperties": false
                }
              ]
            }
          },
          "version": {
            "$id": "#/items/anyOf/0/properties/version",
            "type": "integer",
            "title": "The version schema",
            "description": "An explanation about the purpose of this instance.",
            "default": 0,
            "examples": [
              1
            ]
          }
        },
        "additionalProperties": false
      }
    ]
  }
}