{
  "$schema": "http://json-schema.org/draft-07/schema",
  "$id": "http://example.com/example.json",
  "type": "array",
  "title": "The root schema",
  "description": "The root schema comprises the entire JSON document.",
  "default": [],
  "examples": [
    [
      "Peach",
      "Luigi"
    ]
  ],
  "additionalItems": true,
  "items": {
    "$id": "#/items",
    "anyOf": [
      {
        "$id": "#/items/anyOf/0",
        "type": "string",
        "title": "The first anyOf schema",
        "description": "An explanation about the purpose of this instance.",
        "default": "",
        "examples": [
          "Peach",
          "Luigi"
        ]
      }
    ]
  }
}